{
  "exclude": {
    "files": "^.secrets.baseline$|modules/examples/src/main/java/com/ibm/cloud/drautomation_sdk/dr_automation_service/v1/DrAutomationServiceCustomExamples.java",
    "lines": null
  },
  "generated_at": "2026-04-22T05:50:03Z",
  "plugins_used": [
    {
      "name": "AWSKeyDetector"
    },
    {
      "name": "ArtifactoryDetector"
    },
    {
      "name": "AzureStorageKeyDetector"
    },
    {
      "base64_limit": 4.5,
      "name": "Base64HighEntropyString"
    },
    {
      "name": "BasicAuthDetector"
    },
    {
      "name": "BoxDetector"
    },
    {
      "name": "CloudantDetector"
    },
    {
      "ghe_instance": "github.ibm.com",
      "name": "GheDetector"
    },
    {
      "name": "GitHubTokenDetector"
    },
    {
      "hex_limit": 3,
      "name": "HexHighEntropyString"
    },
    {
      "name": "IbmCloudIamDetector"
    },
    {
      "name": "IbmCosHmacDetector"
    },
    {
      "name": "JwtTokenDetector"
    },
    {
      "keyword_exclude": null,
      "name": "KeywordDetector"
    },
    {
      "name": "MailchimpDetector"
    },
    {
      "name": "NpmDetector"
    },
    {
      "name": "PrivateKeyDetector"
    },
    {
      "name": "SlackDetector"
    },
    {
      "name": "SoftlayerDetector"
    },
    {
      "name": "SquareOAuthDetector"
    },
    {
      "name": "StripeDetector"
    },
    {
      "name": "TwilioKeyDetector"
    }
  ],
  "results": {
    ".github/workflows/publish.yaml": [
      {
        "hashed_secret": "b8fb27ac44ff8a4d5237588af39c5fb65bbedc3f",
        "is_secret": false,
        "is_verified": false,
        "line_number": 34,
        "type": "Secret Keyword",
        "verified_result": null
      }
    ],
    "modules/dr-automation-service/src/test/java/com/ibm/cloud/drautomation_sdk/dr_automation_service/v1/DrAutomationServiceIT.java": [
      {
        "hashed_secret": "43040ec446c955fc1235fb8283c87097f2498d50",
        "is_secret": false,
        "is_verified": false,
        "line_number": 279,
        "type": "Base64 High Entropy String",
        "verified_result": null
      },
      {
        "hashed_secret": "febd4a0f31fdf0b8dfcce0c630a97611b5f57a4b",
        "is_secret": false,
        "is_verified": false,
        "line_number": 279,
        "type": "Box Credentials",
        "verified_result": null
      }
    ],
    "modules/dr-automation-service/src/test/java/com/ibm/cloud/drautomation_sdk/dr_automation_service/v1/DrAutomationServiceTest.java": [
      {
        "hashed_secret": "43040ec446c955fc1235fb8283c87097f2498d50",
        "is_secret": false,
        "is_verified": false,
        "line_number": 471,
        "type": "Base64 High Entropy String",
        "verified_result": null
      },
      {
        "hashed_secret": "febd4a0f31fdf0b8dfcce0c630a97611b5f57a4b",
        "is_secret": false,
        "is_verified": false,
        "line_number": 471,
        "type": "Box Credentials",
        "verified_result": null
      }
    ],
    "modules/dr-automation-service/src/test/java/com/ibm/cloud/drautomation_sdk/dr_automation_service/v1/model/CreateManageDrOptionsTest.java": [
      {
        "hashed_secret": "febd4a0f31fdf0b8dfcce0c630a97611b5f57a4b",
        "is_secret": false,
        "is_verified": false,
        "line_number": 45,
        "type": "Box Credentials",
        "verified_result": null
      },
      {
        "hashed_secret": "43040ec446c955fc1235fb8283c87097f2498d50",
        "is_secret": false,
        "is_verified": false,
        "line_number": 80,
        "type": "Base64 High Entropy String",
        "verified_result": null
      }
    ],
    "modules/examples/src/main/java/com/ibm/cloud/drautomation_sdk/dr_automation_service/v1/DrAutomationServiceProvisionDeprovisionExamples.java": [
      {
        "hashed_secret": "d8aaa81e837f6842990b0d010cc6418d46efa480",
        "is_secret": false,
        "is_verified": false,
        "line_number": 44,
        "type": "Hex High Entropy String",
        "verified_result": null
      }
    ],
    "modules/examples/src/main/java/com/ibm/cloud/drautomation_sdk/powerha_automation_service/v1/PowerhaAutomationServiceProvisionDeprovisionExamples.java": [
      {
        "hashed_secret": "d8aaa81e837f6842990b0d010cc6418d46efa480",
        "is_secret": false,
        "is_verified": false,
        "line_number": 44,
        "type": "Hex High Entropy String",
        "verified_result": null
      }
    ],
    "modules/powerha-automation-service/src/test/java/com/ibm/cloud/drautomation_sdk/powerha_automation_service/v1/PowerhaAutomationServiceTest.java": [
      {
        "hashed_secret": "bfa6c75d62219ac0d693745429900e6ed086978d",
        "is_secret": false,
        "is_verified": false,
        "line_number": 80,
        "type": "Base64 High Entropy String",
        "verified_result": null
      },
      {
        "hashed_secret": "c73879eba76f0227ce18c8f62c3c56ad66fcff50",
        "is_secret": false,
        "is_verified": false,
        "line_number": 240,
        "type": "Base64 High Entropy String",
        "verified_result": null
      },
      {
        "hashed_secret": "ba35b77e8d6c99b2a62adb8c720b537a6e4a86ff",
        "is_secret": false,
        "is_verified": false,
        "line_number": 294,
        "type": "Base64 High Entropy String",
        "verified_result": null
      },
      {
        "hashed_secret": "b006d765c105d2d5a8040dc5afeae599cf0f774b",
        "is_secret": false,
        "is_verified": false,
        "line_number": 349,
        "type": "Base64 High Entropy String",
        "verified_result": null
      },
      {
        "hashed_secret": "9ba5132de68935021748ed313e252ec5749f6cbd",
        "is_secret": false,
        "is_verified": false,
        "line_number": 454,
        "type": "Base64 High Entropy String",
        "verified_result": null
      },
      {
        "hashed_secret": "545d6f94bdd06a6904d404e664d75c093c22650f",
        "is_secret": false,
        "is_verified": false,
        "line_number": 517,
        "type": "Base64 High Entropy String",
        "verified_result": null
      },
      {
        "hashed_secret": "28d3c282c423ef062746e47a1c319c9e3ba39c96",
        "is_secret": false,
        "is_verified": false,
        "line_number": 569,
        "type": "Base64 High Entropy String",
        "verified_result": null
      },
      {
        "hashed_secret": "9d1aa1789a4aa3e039b485dc178b602ce1557375",
        "is_secret": false,
        "is_verified": false,
        "line_number": 623,
        "type": "Base64 High Entropy String",
        "verified_result": null
      }
    ]
  },
  "version": "0.13.1+ibm.64.dss",
  "word_list": {
    "file": null,
    "hash": null
  }
}
